2026-05-13 13:29:45.854 [INFO] [main] n.f.soft.gr5.precisionMail.Launcher - Application bootstrap started.
2026-05-13 13:29:46.574 [INFO] [JavaFX Application Thread] n.f.soft.gr5.precisionMail.Launcher - Application started successfully.
2026-05-13 13:29:48.396 [INFO] [JavaFX Application Thread] n.f.s.g.p.c.fxml.SideBarController - Sidebar requested navigation to compose-mail view.
2026-05-13 13:29:48.396 [INFO] [JavaFX Application Thread] n.f.s.g.p.service.NavigationService - Navigation requested to center/compose-mail.fxml.
2026-05-13 13:29:48.741 [DEBUG] [Thread-4] n.f.s.g.p.service.LoadAccountService - Background account loading started.
2026-05-13 13:29:48.741 [DEBUG] [Thread-4] n.f.s.g.p.s.impl.AccountServiceImpl - Account list load requested.
2026-05-13 13:29:48.750 [INFO] [JavaFX Application Thread] n.f.s.g.p.c.f.MainScreenController - Center view changed to center/compose-mail.fxml.
2026-05-13 13:29:48.908 [INFO] [Thread-4] n.f.s.g.p.dao.impl.AccountDaoImpl - Loaded 2 account(s) from database.
2026-05-13 13:29:48.949 [INFO] [Thread-4] n.f.s.g.p.util.AppLoaderUtil - application.properties loaded from classpath.
2026-05-13 13:29:48.953 [DEBUG] [Thread-4] n.f.s.g.p.service.LoadAccountService - Background account loading completed. accountCount=2
2026-05-13 13:29:49.056 [INFO] [JavaFX Application Thread] n.f.s.g.p.c.f.ComposeMailController - Account menu loaded successfully.
2026-05-13 13:29:49.059 [INFO] [JavaFX Application Thread] n.f.s.g.p.c.f.ComposeMailController - Default active account set to username=d***@gmail.com.
2026-05-13 13:29:51.857 [INFO] [JavaFX Application Thread] n.f.s.g.p.c.f.ComposeMailController - Active account changed to username=p***@gmail.com.
2026-05-13 14:12:22.669 [INFO] [main] n.f.soft.gr5.precisionMail.Launcher - Application bootstrap started.
2026-05-13 14:12:23.583 [INFO] [JavaFX Application Thread] n.f.soft.gr5.precisionMail.Launcher - Application started successfully.
2026-05-13 14:12:33.248 [INFO] [JavaFX Application Thread] n.f.s.g.p.c.fxml.SideBarController - Sidebar requested navigation to compose-mail view.
2026-05-13 14:12:33.249 [INFO] [JavaFX Application Thread] n.f.s.g.p.service.NavigationService - Navigation requested to center/compose-mail.fxml.
2026-05-13 14:12:33.483 [DEBUG] [Thread-4] n.f.s.g.p.service.LoadAccountService - Background account loading started.
2026-05-13 14:12:33.483 [DEBUG] [Thread-4] n.f.s.g.p.s.impl.AccountServiceImpl - Account list load requested.
2026-05-13 14:12:33.490 [INFO] [JavaFX Application Thread] n.f.s.g.p.c.f.MainScreenController - Center view changed to center/compose-mail.fxml.
2026-05-13 14:12:33.629 [INFO] [Thread-4] n.f.s.g.p.dao.impl.AccountDaoImpl - Loaded 2 account(s) from database.
2026-05-13 14:12:33.657 [INFO] [Thread-4] n.f.s.g.p.util.AppLoaderUtil - application.properties loaded from classpath.
2026-05-13 14:12:33.659 [DEBUG] [Thread-4] n.f.s.g.p.service.LoadAccountService - Background account loading completed. accountCount=2
2026-05-13 14:12:33.753 [INFO] [JavaFX Application Thread] n.f.s.g.p.c.f.ComposeMailController - Account menu loaded successfully.
2026-05-13 14:12:33.754 [INFO] [JavaFX Application Thread] n.f.s.g.p.c.f.ComposeMailController - Default active account set to username=d***@gmail.com.
2026-05-13 14:15:24.249 [INFO] [JavaFX Application Thread] n.f.s.g.p.c.fxml.MenuBarController - Add-account dialog closed.
2026-05-13 14:15:26.410 [INFO] [JavaFX Application Thread] n.f.s.g.p.c.fxml.SideBarController - Sidebar requested navigation to history-mail view.
2026-05-13 14:15:26.410 [INFO] [JavaFX Application Thread] n.f.s.g.p.service.NavigationService - Navigation requested to center/history-mail.fxml.
2026-05-13 14:15:26.458 [INFO] [JavaFX Application Thread] n.f.s.g.p.c.f.HistoryMailController - History mail screen initialization started.
2026-05-13 14:15:26.569 [INFO] [JavaFX Application Thread] n.f.s.g.p.c.f.HistoryMailController - History mail loaded successfully. recordCount=5
2026-05-13 14:15:26.573 [INFO] [JavaFX Application Thread] n.f.s.g.p.c.f.MainScreenController - Center view changed to center/history-mail.fxml.
2026-05-13 14:15:27.615 [INFO] [JavaFX Application Thread] n.f.s.g.p.c.f.HistoryMailController - History mail item selected. sender=p***@gmail.com, recipients=1, attachments=1.
2026-05-13 14:15:28.256 [INFO] [JavaFX Application Thread] n.f.s.g.p.c.f.HistoryMailController - History mail item selected. sender=d***@gmail.com, recipients=1, attachments=0.
2026-05-13 14:15:28.973 [INFO] [JavaFX Application Thread] n.f.s.g.p.c.f.HistoryMailController - History mail item selected. sender=d***@gmail.com, recipients=1, attachments=0.
2026-05-13 14:15:29.443 [INFO] [JavaFX Application Thread] n.f.s.g.p.c.f.HistoryMailController - History mail item selected. sender=d***@gmail.com, recipients=1, attachments=0.
2026-05-13 14:15:30.281 [INFO] [JavaFX Application Thread] n.f.s.g.p.c.f.HistoryMailController - History mail item selected. sender=p***@gmail.com, recipients=1, attachments=0.
2026-05-13 14:15:30.749 [INFO] [JavaFX Application Thread] n.f.s.g.p.c.f.HistoryMailController - History mail item selected. sender=d***@gmail.com, recipients=1, attachments=0.
2026-05-13 14:15:31.109 [INFO] [JavaFX Application Thread] n.f.s.g.p.c.f.HistoryMailController - History mail item selected. sender=d***@gmail.com, recipients=1, attachments=0.
2026-05-13 14:15:31.608 [INFO] [JavaFX Application Thread] n.f.s.g.p.c.f.HistoryMailController - History mail item selected. sender=d***@gmail.com, recipients=1, attachments=0.
2026-05-13 14:15:31.965 [INFO] [JavaFX Application Thread] n.f.s.g.p.c.f.HistoryMailController - History mail item selected. sender=p***@gmail.com, recipients=1, attachments=1.
2026-05-13 14:15:32.380 [INFO] [JavaFX Application Thread] n.f.s.g.p.c.f.HistoryMailController - History mail item selected. sender=p***@gmail.com, recipients=1, attachments=0.
2026-05-13 14:15:32.824 [INFO] [JavaFX Application Thread] n.f.s.g.p.c.f.HistoryMailController - History mail item selected. sender=p***@gmail.com, recipients=1, attachments=1.
2026-05-13 14:15:33.449 [INFO] [JavaFX Application Thread] n.f.s.g.p.c.f.HistoryMailController - History mail item selected. sender=d***@gmail.com, recipients=1, attachments=0.
2026-05-13 18:00:40.658 [INFO] [main] n.f.soft.gr5.precisionMail.Launcher - Application bootstrap started.
2026-05-13 18:00:41.362 [INFO] [JavaFX Application Thread] n.f.soft.gr5.precisionMail.Launcher - Application started successfully.
2026-05-13 18:00:43.064 [INFO] [JavaFX Application Thread] n.f.s.g.p.c.fxml.SideBarController - Sidebar requested navigation to compose-mail view.
2026-05-13 18:00:43.064 [INFO] [JavaFX Application Thread] n.f.s.g.p.service.NavigationService - Navigation requested to center/compose-mail.fxml.
2026-05-13 18:00:43.343 [DEBUG] [Thread-4] n.f.s.g.p.service.LoadAccountService - Background account loading started.
2026-05-13 18:00:43.343 [DEBUG] [Thread-4] n.f.s.g.p.s.impl.AccountServiceImpl - Account list load requested.
2026-05-13 18:00:43.349 [INFO] [JavaFX Application Thread] n.f.s.g.p.c.f.MainScreenController - Center view changed to center/compose-mail.fxml.
2026-05-13 18:00:43.471 [INFO] [Thread-4] n.f.s.g.p.dao.impl.AccountDaoImpl - Loaded 2 account(s) from database.
2026-05-13 18:00:43.501 [INFO] [Thread-4] n.f.s.g.p.util.AppLoaderUtil - application.properties loaded from classpath.
2026-05-13 18:00:43.504 [DEBUG] [Thread-4] n.f.s.g.p.service.LoadAccountService - Background account loading completed. accountCount=2
2026-05-13 18:00:43.600 [INFO] [JavaFX Application Thread] n.f.s.g.p.c.f.ComposeMailController - Account menu loaded successfully.
2026-05-13 18:00:43.604 [INFO] [JavaFX Application Thread] n.f.s.g.p.c.f.ComposeMailController - Default active account set to username=d***@gmail.com.
2026-05-13 18:00:58.720 [DEBUG] [JavaFX Application Thread] n.f.s.g.p.c.f.ComposeMailController - Attachment selection cancelled by user.
2026-05-13 18:25:47.269 [INFO] [main] n.f.soft.gr5.precisionMail.Launcher - Application bootstrap started.
2026-05-13 18:25:47.854 [INFO] [JavaFX Application Thread] n.f.soft.gr5.precisionMail.Launcher - Application started successfully.
2026-05-13 18:27:18.720 [INFO] [main] n.f.soft.gr5.precisionMail.Launcher - Application bootstrap started.
2026-05-13 18:27:19.399 [INFO] [JavaFX Application Thread] n.f.soft.gr5.precisionMail.Launcher - Application started successfully.
2026-05-13 18:27:36.869 [INFO] [JavaFX Application Thread] n.f.s.g.p.c.fxml.MenuBarController - Add-account dialog closed.
2026-05-13 18:27:40.566 [INFO] [JavaFX Application Thread] n.f.s.g.p.c.fxml.SideBarController - Sidebar requested navigation to compose-mail view.
2026-05-13 18:27:40.567 [INFO] [JavaFX Application Thread] n.f.s.g.p.service.NavigationService - Navigation requested to center/compose-mail.fxml.
2026-05-13 18:27:40.781 [DEBUG] [Thread-4] n.f.s.g.p.service.LoadAccountService - Background account loading started.
2026-05-13 18:27:40.781 [DEBUG] [Thread-4] n.f.s.g.p.s.impl.AccountServiceImpl - Account list load requested.
2026-05-13 18:27:40.784 [INFO] [JavaFX Application Thread] n.f.s.g.p.c.f.MainScreenController - Center view changed to center/compose-mail.fxml.
2026-05-13 18:27:40.908 [INFO] [Thread-4] n.f.s.g.p.dao.impl.AccountDaoImpl - Loaded 2 account(s) from database.
2026-05-13 18:27:40.933 [INFO] [Thread-4] n.f.s.g.p.util.AppLoaderUtil - application.properties loaded from classpath.
2026-05-13 18:27:40.935 [DEBUG] [Thread-4] n.f.s.g.p.service.LoadAccountService - Background account loading completed. accountCount=2
2026-05-13 18:27:40.986 [INFO] [JavaFX Application Thread] n.f.s.g.p.c.f.ComposeMailController - Account menu loaded successfully.
2026-05-13 18:27:40.990 [INFO] [JavaFX Application Thread] n.f.s.g.p.c.f.ComposeMailController - Default active account set to username=d***@gmail.com.
2026-05-13 18:37:25.480 [INFO] [main] n.f.soft.gr5.precisionMail.Launcher - Application bootstrap started.
2026-05-13 18:37:26.067 [INFO] [JavaFX Application Thread] n.f.soft.gr5.precisionMail.Launcher - Application started successfully.
2026-05-13 18:37:27.863 [INFO] [JavaFX Application Thread] n.f.s.g.p.c.fxml.SideBarController - Sidebar requested navigation to compose-mail view.
2026-05-13 18:37:27.863 [INFO] [JavaFX Application Thread] n.f.s.g.p.service.NavigationService - Navigation requested to center/compose-mail.fxml.
2026-05-13 18:37:28.074 [DEBUG] [Thread-4] n.f.s.g.p.service.LoadAccountService - Background account loading started.
2026-05-13 18:37:28.074 [DEBUG] [Thread-4] n.f.s.g.p.s.impl.AccountServiceImpl - Account list load requested.
2026-05-13 18:37:28.080 [INFO] [JavaFX Application Thread] n.f.s.g.p.c.f.MainScreenController - Center view changed to center/compose-mail.fxml.
2026-05-13 18:37:28.190 [INFO] [Thread-4] n.f.s.g.p.dao.impl.AccountDaoImpl - Loaded 2 account(s) from database.
2026-05-13 18:37:28.224 [INFO] [Thread-4] n.f.s.g.p.util.AppLoaderUtil - application.properties loaded from classpath.
2026-05-13 18:37:28.226 [DEBUG] [Thread-4] n.f.s.g.p.service.LoadAccountService - Background account loading completed. accountCount=2
2026-05-13 18:37:28.324 [INFO] [JavaFX Application Thread] n.f.s.g.p.c.f.ComposeMailController - Account menu loaded successfully.
2026-05-13 18:37:28.327 [INFO] [JavaFX Application Thread] n.f.s.g.p.c.f.ComposeMailController - Default active account set to username=d***@gmail.com.
2026-05-13 18:37:30.640 [INFO] [JavaFX Application Thread] n.f.s.g.p.c.f.ComposeMailController - Active account changed to username=p***@gmail.com.
2026-05-13 19:04:37.075 [INFO] [JavaFX Application Thread] n.f.s.g.p.s.impl.EmailServiceImpl - Email send requested. sender=p***@gmail.com, recipients=1, attachments=0.
2026-05-13 19:04:37.076 [INFO] [JavaFX Application Thread] n.f.s.g.p.c.f.ComposeMailController - Email handoff to async sender completed. sender=p***@gmail.com, recipients=1, attachments=0.
2026-05-13 19:04:37.076 [DEBUG] [email-send-worker] n.f.s.g.precisionMail.util.EmailUtil - Creating SMTP session for sender=p***@gmail.com.
2026-05-13 19:04:37.078 [INFO] [JavaFX Application Thread] n.f.s.g.precisionMail.util.AlertUtil - Showing info alert. title=Processing, message=Email send request was submitted to the background worker.
2026-05-13 19:04:49.970 [INFO] [JavaFX Application Thread] n.f.s.g.p.s.impl.EmailServiceImpl - Email send requested. sender=p***@gmail.com, recipients=1, attachments=0.
2026-05-13 19:04:49.970 [INFO] [JavaFX Application Thread] n.f.s.g.p.c.f.ComposeMailController - Email handoff to async sender completed. sender=p***@gmail.com, recipients=1, attachments=0.
2026-05-13 19:04:49.971 [INFO] [JavaFX Application Thread] n.f.s.g.precisionMail.util.AlertUtil - Showing info alert. title=Processing, message=Email send request was submitted to the background worker.
2026-05-13 19:06:00.859 [INFO] [main] n.f.soft.gr5.precisionMail.Launcher - Application bootstrap started.
2026-05-13 19:06:01.441 [INFO] [JavaFX Application Thread] n.f.soft.gr5.precisionMail.Launcher - Application started successfully.
2026-05-13 19:06:02.588 [INFO] [JavaFX Application Thread] n.f.s.g.p.c.fxml.SideBarController - Sidebar requested navigation to compose-mail view.
2026-05-13 19:06:02.588 [INFO] [JavaFX Application Thread] n.f.s.g.p.service.NavigationService - Navigation requested to center/compose-mail.fxml.
2026-05-13 19:06:02.812 [DEBUG] [Thread-4] n.f.s.g.p.service.LoadAccountService - Background account loading started.
2026-05-13 19:06:02.812 [DEBUG] [Thread-4] n.f.s.g.p.s.impl.AccountServiceImpl - Account list load requested.
2026-05-13 19:06:02.818 [INFO] [JavaFX Application Thread] n.f.s.g.p.c.f.MainScreenController - Center view changed to center/compose-mail.fxml.
2026-05-13 19:06:02.947 [INFO] [Thread-4] n.f.s.g.p.dao.impl.AccountDaoImpl - Loaded 2 account(s) from database.
2026-05-13 19:06:02.977 [INFO] [Thread-4] n.f.s.g.p.util.AppLoaderUtil - application.properties loaded from classpath.
2026-05-13 19:06:02.979 [DEBUG] [Thread-4] n.f.s.g.p.service.LoadAccountService - Background account loading completed. accountCount=2
2026-05-13 19:06:03.086 [INFO] [JavaFX Application Thread] n.f.s.g.p.c.f.ComposeMailController - Account menu loaded successfully.
2026-05-13 19:06:03.087 [INFO] [JavaFX Application Thread] n.f.s.g.p.c.f.ComposeMailController - Default active account set to username=d***@gmail.com.
2026-05-13 19:06:06.115 [INFO] [JavaFX Application Thread] n.f.s.g.p.c.f.ComposeMailController - Active account changed to username=p***@gmail.com.
2026-05-13 19:06:16.831 [INFO] [JavaFX Application Thread] n.f.s.g.p.s.impl.EmailServiceImpl - Email send requested. sender=p***@gmail.com, recipients=1, attachments=0.
2026-05-13 19:06:16.831 [INFO] [JavaFX Application Thread] n.f.s.g.p.c.f.ComposeMailController - Email handoff to async sender completed. sender=p***@gmail.com, recipients=1, attachments=0.
2026-05-13 19:06:16.834 [DEBUG] [email-send-worker] n.f.s.g.precisionMail.util.EmailUtil - Creating SMTP session for sender=p***@gmail.com.
2026-05-13 19:06:16.836 [INFO] [JavaFX Application Thread] n.f.s.g.precisionMail.util.AlertUtil - Showing info alert. title=Processing, message=Email send request was submitted to the background worker.
2026-05-13 19:06:25.421 [INFO] [JavaFX Application Thread] n.f.s.g.p.s.impl.EmailServiceImpl - Email send requested. sender=p***@gmail.com, recipients=1, attachments=0.
2026-05-13 19:06:25.421 [INFO] [JavaFX Application Thread] n.f.s.g.p.c.f.ComposeMailController - Email handoff to async sender completed. sender=p***@gmail.com, recipients=1, attachments=0.
2026-05-13 19:06:25.423 [INFO] [JavaFX Application Thread] n.f.s.g.precisionMail.util.AlertUtil - Showing info alert. title=Processing, message=Email send request was submitted to the background worker.
2026-05-13 19:06:30.211 [DEBUG] [email-send-worker] n.f.s.g.precisionMail.util.EmailUtil - SMTP transport completed successfully for sender=p***@gmail.com.
2026-05-13 19:06:30.287 [INFO] [email-send-worker] n.f.s.g.p.dao.impl.EmailDaoImpl - Email history saved to emails.json. Current total records=6.
2026-05-13 19:06:30.288 [INFO] [email-send-worker] n.f.s.g.p.s.impl.EmailServiceImpl - Email sent successfully. sender=p***@gmail.com, recipients=1, attachments=0.
2026-05-13 19:06:30.288 [DEBUG] [email-send-worker] n.f.s.g.precisionMail.util.EmailUtil - Creating SMTP session for sender=p***@gmail.com.
2026-05-13 19:06:44.461 [DEBUG] [email-send-worker] n.f.s.g.precisionMail.util.EmailUtil - SMTP transport completed successfully for sender=p***@gmail.com.
2026-05-13 19:06:44.463 [INFO] [email-send-worker] n.f.s.g.p.dao.impl.EmailDaoImpl - Email history saved to emails.json. Current total records=7.
2026-05-13 19:06:44.463 [INFO] [email-send-worker] n.f.s.g.p.s.impl.EmailServiceImpl - Email sent successfully. sender=p***@gmail.com, recipients=1, attachments=0.
2026-05-13 19:07:33.137 [INFO] [JavaFX Application Thread] n.f.s.g.p.s.impl.EmailServiceImpl - Email send requested. sender=p***@gmail.com, recipients=1, attachments=0.
2026-05-13 19:07:33.138 [INFO] [JavaFX Application Thread] n.f.s.g.p.c.f.ComposeMailController - Email handoff to async sender completed. sender=p***@gmail.com, recipients=1, attachments=0.
2026-05-13 19:07:33.138 [DEBUG] [email-send-worker] n.f.s.g.precisionMail.util.EmailUtil - Creating SMTP session for sender=p***@gmail.com.
2026-05-13 19:07:33.139 [INFO] [JavaFX Application Thread] n.f.s.g.precisionMail.util.AlertUtil - Showing info alert. title=Processing, message=Email send request was submitted to the background worker.
2026-05-13 19:07:46.187 [DEBUG] [email-send-worker] n.f.s.g.precisionMail.util.EmailUtil - SMTP transport completed successfully for sender=p***@gmail.com.
2026-05-13 19:07:46.189 [INFO] [email-send-worker] n.f.s.g.p.dao.impl.EmailDaoImpl - Email history saved to emails.json. Current total records=8.
2026-05-13 19:07:46.189 [INFO] [email-send-worker] n.f.s.g.p.s.impl.EmailServiceImpl - Email sent successfully. sender=p***@gmail.com, recipients=1, attachments=0.
2026-05-13 19:20:30.146 [WARN] [JavaFX Application Thread] n.f.s.g.p.c.f.ComposeMailController - Attachment rejected. name=wix314.exe, reason=Định dạng file không được phép vì lý do bảo mật: wix314.exe
2026-05-13 19:20:30.146 [WARN] [JavaFX Application Thread] n.f.s.g.precisionMail.util.AlertUtil - Showing error alert. title=Cannot add attachment, message=Định dạng file không được phép vì lý do bảo mật: wix314.exe
2026-05-13 19:21:20.767 [INFO] [JavaFX Application Thread] n.f.s.g.p.c.f.ComposeMailController - Attachment accepted. name=white1.webp, size=29160 bytes.
2026-05-13 19:21:31.610 [INFO] [JavaFX Application Thread] n.f.s.g.p.c.f.ComposeMailController - Attachment accepted. name=Screenshot 2026-05-13 183310.png, size=54867 bytes.
2026-05-13 19:21:41.324 [INFO] [JavaFX Application Thread] n.f.s.g.p.c.f.ComposeMailController - Attachment accepted. name=Screenshot 2026-05-13 170219.png, size=7755 bytes.
2026-05-13 19:26:13.084 [INFO] [main] n.f.soft.gr5.precisionMail.Launcher - Application bootstrap started.
2026-05-13 19:26:13.691 [INFO] [JavaFX Application Thread] n.f.soft.gr5.precisionMail.Launcher - Application started successfully.
2026-05-13 19:26:14.692 [INFO] [JavaFX Application Thread] n.f.s.g.p.c.fxml.SideBarController - Sidebar requested navigation to compose-mail view.
2026-05-13 19:26:14.692 [INFO] [JavaFX Application Thread] n.f.s.g.p.service.NavigationService - Navigation requested to center/compose-mail.fxml.
2026-05-13 19:26:14.909 [DEBUG] [Thread-4] n.f.s.g.p.service.LoadAccountService - Background account loading started.
2026-05-13 19:26:14.909 [DEBUG] [Thread-4] n.f.s.g.p.s.impl.AccountServiceImpl - Account list load requested.
2026-05-13 19:26:14.915 [INFO] [JavaFX Application Thread] n.f.s.g.p.c.f.MainScreenController - Center view changed to center/compose-mail.fxml.
2026-05-13 19:26:15.028 [INFO] [Thread-4] n.f.s.g.p.dao.impl.AccountDaoImpl - Loaded 2 account(s) from database.
2026-05-13 19:26:15.056 [INFO] [Thread-4] n.f.s.g.p.util.AppLoaderUtil - application.properties loaded from classpath.
2026-05-13 19:26:15.058 [DEBUG] [Thread-4] n.f.s.g.p.service.LoadAccountService - Background account loading completed. accountCount=2
2026-05-13 19:26:15.166 [INFO] [JavaFX Application Thread] n.f.s.g.p.c.f.ComposeMailController - Account menu loaded successfully.
2026-05-13 19:26:15.168 [INFO] [JavaFX Application Thread] n.f.s.g.p.c.f.ComposeMailController - Default active account set to username=d***@gmail.com.
2026-05-13 19:26:21.303 [INFO] [JavaFX Application Thread] n.f.s.g.p.c.f.ComposeMailController - Active account changed to username=p***@gmail.com.
2026-05-13 19:26:22.883 [INFO] [JavaFX Application Thread] n.f.s.g.p.c.f.ComposeMailController - Active account changed to username=d***@gmail.com.
2026-05-13 19:26:58.021 [INFO] [JavaFX Application Thread] n.f.s.g.p.c.fxml.SideBarController - Sidebar requested navigation to compose-mail view.
2026-05-13 19:26:58.021 [INFO] [JavaFX Application Thread] n.f.s.g.p.service.NavigationService - Navigation requested to center/compose-mail.fxml.
2026-05-13 19:26:58.049 [DEBUG] [Thread-5] n.f.s.g.p.service.LoadAccountService - Background account loading started.
2026-05-13 19:26:58.049 [DEBUG] [Thread-5] n.f.s.g.p.s.impl.AccountServiceImpl - Account list load requested.
2026-05-13 19:26:58.050 [INFO] [Thread-5] n.f.s.g.p.dao.impl.AccountDaoImpl - Loaded 2 account(s) from database.
2026-05-13 19:26:58.051 [DEBUG] [Thread-5] n.f.s.g.p.service.LoadAccountService - Background account loading completed. accountCount=2
2026-05-13 19:26:58.051 [INFO] [JavaFX Application Thread] n.f.s.g.p.c.f.MainScreenController - Center view changed to center/compose-mail.fxml.
2026-05-13 19:26:58.096 [INFO] [JavaFX Application Thread] n.f.s.g.p.c.f.ComposeMailController - Account menu loaded successfully.
2026-05-13 19:26:58.096 [INFO] [JavaFX Application Thread] n.f.s.g.p.c.f.ComposeMailController - Default active account set to username=d***@gmail.com.
2026-05-13 19:26:59.819 [INFO] [JavaFX Application Thread] n.f.s.g.p.c.fxml.SideBarController - Sidebar requested navigation to compose-mail view.
2026-05-13 19:26:59.819 [INFO] [JavaFX Application Thread] n.f.s.g.p.service.NavigationService - Navigation requested to center/compose-mail.fxml.
2026-05-13 19:26:59.853 [DEBUG] [Thread-6] n.f.s.g.p.service.LoadAccountService - Background account loading started.
2026-05-13 19:26:59.853 [DEBUG] [Thread-6] n.f.s.g.p.s.impl.AccountServiceImpl - Account list load requested.
2026-05-13 19:26:59.854 [INFO] [Thread-6] n.f.s.g.p.dao.impl.AccountDaoImpl - Loaded 2 account(s) from database.
2026-05-13 19:26:59.855 [DEBUG] [Thread-6] n.f.s.g.p.service.LoadAccountService - Background account loading completed. accountCount=2
2026-05-13 19:26:59.855 [INFO] [JavaFX Application Thread] n.f.s.g.p.c.f.MainScreenController - Center view changed to center/compose-mail.fxml.
2026-05-13 19:26:59.899 [INFO] [JavaFX Application Thread] n.f.s.g.p.c.f.ComposeMailController - Account menu loaded successfully.
2026-05-13 19:26:59.899 [INFO] [JavaFX Application Thread] n.f.s.g.p.c.f.ComposeMailController - Default active account set to username=d***@gmail.com.
2026-05-13 19:27:04.096 [INFO] [JavaFX Application Thread] n.f.s.g.p.c.fxml.MenuBarController - Navigate to compose-mail view requested from menu.
2026-05-13 19:27:04.096 [INFO] [JavaFX Application Thread] n.f.s.g.p.service.NavigationService - Navigation requested to center/compose-mail.fxml.
2026-05-13 19:27:04.122 [DEBUG] [Thread-7] n.f.s.g.p.service.LoadAccountService - Background account loading started.
2026-05-13 19:27:04.122 [DEBUG] [Thread-7] n.f.s.g.p.s.impl.AccountServiceImpl - Account list load requested.
2026-05-13 19:27:04.123 [INFO] [Thread-7] n.f.s.g.p.dao.impl.AccountDaoImpl - Loaded 2 account(s) from database.
2026-05-13 19:27:04.123 [DEBUG] [Thread-7] n.f.s.g.p.service.LoadAccountService - Background account loading completed. accountCount=2
2026-05-13 19:27:04.124 [INFO] [JavaFX Application Thread] n.f.s.g.p.c.f.MainScreenController - Center view changed to center/compose-mail.fxml.
2026-05-13 19:27:04.167 [INFO] [JavaFX Application Thread] n.f.s.g.p.c.f.ComposeMailController - Account menu loaded successfully.
2026-05-13 19:27:04.168 [INFO] [JavaFX Application Thread] n.f.s.g.p.c.f.ComposeMailController - Default active account set to username=d***@gmail.com.
2026-05-13 19:27:05.769 [INFO] [JavaFX Application Thread] n.f.s.g.p.c.fxml.SideBarController - Sidebar requested navigation to compose-mail view.
2026-05-13 19:27:05.769 [INFO] [JavaFX Application Thread] n.f.s.g.p.service.NavigationService - Navigation requested to center/compose-mail.fxml.
2026-05-13 19:27:05.793 [DEBUG] [Thread-8] n.f.s.g.p.service.LoadAccountService - Background account loading started.
2026-05-13 19:27:05.793 [DEBUG] [Thread-8] n.f.s.g.p.s.impl.AccountServiceImpl - Account list load requested.
2026-05-13 19:27:05.795 [INFO] [Thread-8] n.f.s.g.p.dao.impl.AccountDaoImpl - Loaded 2 account(s) from database.
2026-05-13 19:27:05.796 [INFO] [JavaFX Application Thread] n.f.s.g.p.c.f.MainScreenController - Center view changed to center/compose-mail.fxml.
2026-05-13 19:27:05.796 [DEBUG] [Thread-8] n.f.s.g.p.service.LoadAccountService - Background account loading completed. accountCount=2
2026-05-13 19:27:05.830 [INFO] [JavaFX Application Thread] n.f.s.g.p.c.f.ComposeMailController - Account menu loaded successfully.
2026-05-13 19:27:05.830 [INFO] [JavaFX Application Thread] n.f.s.g.p.c.f.ComposeMailController - Default active account set to username=d***@gmail.com.
2026-05-13 19:27:08.391 [INFO] [JavaFX Application Thread] n.f.s.g.p.c.fxml.SideBarController - Sidebar requested navigation to history-mail view.
2026-05-13 19:27:08.391 [INFO] [JavaFX Application Thread] n.f.s.g.p.service.NavigationService - Navigation requested to center/history-mail.fxml.
2026-05-13 19:27:08.402 [INFO] [JavaFX Application Thread] n.f.s.g.p.c.f.HistoryMailController - History mail screen initialization started.
2026-05-13 19:27:08.454 [INFO] [JavaFX Application Thread] n.f.s.g.p.c.f.HistoryMailController - History mail loaded successfully. recordCount=8
2026-05-13 19:27:08.457 [INFO] [JavaFX Application Thread] n.f.s.g.p.c.f.MainScreenController - Center view changed to center/history-mail.fxml.
2026-05-13 19:27:10.147 [INFO] [JavaFX Application Thread] n.f.s.g.p.c.f.HistoryMailController - History mail item selected. sender=p***@gmail.com, recipients=1, attachments=0.
2026-05-13 19:27:11.163 [INFO] [JavaFX Application Thread] n.f.s.g.p.c.f.HistoryMailController - History mail item selected. sender=p***@gmail.com, recipients=1, attachments=0.
2026-05-13 19:27:12.534 [INFO] [JavaFX Application Thread] n.f.s.g.p.c.fxml.SideBarController - Sidebar requested navigation to history-mail view.
2026-05-13 19:27:12.534 [INFO] [JavaFX Application Thread] n.f.s.g.p.service.NavigationService - Navigation requested to center/history-mail.fxml.
2026-05-13 19:27:12.537 [INFO] [JavaFX Application Thread] n.f.s.g.p.c.f.HistoryMailController - History mail screen initialization started.
2026-05-13 19:27:12.540 [INFO] [JavaFX Application Thread] n.f.s.g.p.c.f.HistoryMailController - History mail loaded successfully. recordCount=8
2026-05-13 19:27:12.541 [INFO] [JavaFX Application Thread] n.f.s.g.p.c.f.MainScreenController - Center view changed to center/history-mail.fxml.
2026-05-13 19:27:13.992 [INFO] [JavaFX Application Thread] n.f.s.g.p.c.fxml.SideBarController - Sidebar requested navigation to compose-mail view.
2026-05-13 19:27:13.992 [INFO] [JavaFX Application Thread] n.f.s.g.p.service.NavigationService - Navigation requested to center/compose-mail.fxml.
2026-05-13 19:27:14.028 [DEBUG] [Thread-9] n.f.s.g.p.service.LoadAccountService - Background account loading started.
2026-05-13 19:27:14.028 [DEBUG] [Thread-9] n.f.s.g.p.s.impl.AccountServiceImpl - Account list load requested.
2026-05-13 19:27:14.030 [INFO] [Thread-9] n.f.s.g.p.dao.impl.AccountDaoImpl - Loaded 2 account(s) from database.
2026-05-13 19:27:14.030 [INFO] [JavaFX Application Thread] n.f.s.g.p.c.f.MainScreenController - Center view changed to center/compose-mail.fxml.
2026-05-13 19:27:14.030 [DEBUG] [Thread-9] n.f.s.g.p.service.LoadAccountService - Background account loading completed. accountCount=2
2026-05-13 19:27:14.060 [INFO] [JavaFX Application Thread] n.f.s.g.p.c.f.ComposeMailController - Account menu loaded successfully.
2026-05-13 19:27:14.060 [INFO] [JavaFX Application Thread] n.f.s.g.p.c.f.ComposeMailController - Default active account set to username=d***@gmail.com.
2026-05-13 19:27:16.685 [INFO] [JavaFX Application Thread] n.f.s.g.p.c.f.ComposeMailController - Active account changed to username=p***@gmail.com.
2026-05-13 20:14:00.473 [INFO] [main] n.f.soft.gr5.precisionMail.Launcher - Application bootstrap started.
2026-05-13 20:14:01.319 [INFO] [JavaFX Application Thread] n.f.soft.gr5.precisionMail.Launcher - Application started successfully.
2026-05-13 20:14:05.959 [INFO] [JavaFX Application Thread] n.f.s.g.p.c.fxml.SideBarController - Sidebar requested navigation to compose-mail view.
2026-05-13 20:14:05.959 [INFO] [JavaFX Application Thread] n.f.s.g.p.service.NavigationService - Navigation requested to center/compose-mail.fxml.
2026-05-13 20:14:06.247 [DEBUG] [Thread-4] n.f.s.g.p.service.LoadAccountService - Background account loading started.
2026-05-13 20:14:06.247 [DEBUG] [Thread-4] n.f.s.g.p.s.impl.AccountServiceImpl - Account list load requested.
2026-05-13 20:14:06.254 [INFO] [JavaFX Application Thread] n.f.s.g.p.c.f.MainScreenController - Center view changed to center/compose-mail.fxml.
2026-05-13 20:14:06.367 [INFO] [Thread-4] n.f.s.g.p.dao.impl.AccountDaoImpl - Loaded 2 account(s) from database.
2026-05-13 20:14:06.408 [INFO] [Thread-4] n.f.s.g.p.util.AppLoaderUtil - application.properties loaded from classpath.
2026-05-13 20:14:06.412 [DEBUG] [Thread-4] n.f.s.g.p.service.LoadAccountService - Background account loading completed. accountCount=2
2026-05-13 20:14:06.522 [INFO] [JavaFX Application Thread] n.f.s.g.p.c.f.ComposeMailController - Account menu loaded successfully.
2026-05-13 20:14:06.526 [INFO] [JavaFX Application Thread] n.f.s.g.p.c.f.ComposeMailController - Default active account set to username=d***@gmail.com.
2026-05-13 20:14:24.589 [INFO] [main] n.f.soft.gr5.precisionMail.Launcher - Application bootstrap started.
2026-05-13 20:14:25.207 [INFO] [JavaFX Application Thread] n.f.soft.gr5.precisionMail.Launcher - Application started successfully.
2026-05-13 20:14:26.426 [INFO] [JavaFX Application Thread] n.f.s.g.p.c.fxml.SideBarController - Sidebar requested navigation to compose-mail view.
2026-05-13 20:14:26.426 [INFO] [JavaFX Application Thread] n.f.s.g.p.service.NavigationService - Navigation requested to center/compose-mail.fxml.
2026-05-13 20:14:26.664 [DEBUG] [Thread-4] n.f.s.g.p.service.LoadAccountService - Background account loading started.
2026-05-13 20:14:26.664 [DEBUG] [Thread-4] n.f.s.g.p.s.impl.AccountServiceImpl - Account list load requested.
2026-05-13 20:14:26.674 [INFO] [JavaFX Application Thread] n.f.s.g.p.c.f.MainScreenController - Center view changed to center/compose-mail.fxml.
2026-05-13 20:14:26.834 [INFO] [Thread-4] n.f.s.g.p.dao.impl.AccountDaoImpl - Loaded 2 account(s) from database.
2026-05-13 20:14:26.856 [INFO] [Thread-4] n.f.s.g.p.util.AppLoaderUtil - application.properties loaded from classpath.
2026-05-13 20:14:26.858 [DEBUG] [Thread-4] n.f.s.g.p.service.LoadAccountService - Background account loading completed. accountCount=2
2026-05-13 20:14:26.968 [INFO] [JavaFX Application Thread] n.f.s.g.p.c.f.ComposeMailController - Account menu loaded successfully.
2026-05-13 20:14:26.972 [INFO] [JavaFX Application Thread] n.f.s.g.p.c.f.ComposeMailController - Default active account set to username=d***@gmail.com.
2026-05-13 20:17:09.428 [INFO] [main] n.f.soft.gr5.precisionMail.Launcher - Application bootstrap started.
2026-05-13 20:17:10.058 [INFO] [JavaFX Application Thread] n.f.soft.gr5.precisionMail.Launcher - Application started successfully.
2026-05-13 20:17:11.893 [INFO] [JavaFX Application Thread] n.f.s.g.p.c.fxml.SideBarController - Sidebar requested navigation to compose-mail view.
2026-05-13 20:17:11.893 [INFO] [JavaFX Application Thread] n.f.s.g.p.service.NavigationService - Navigation requested to center/compose-mail.fxml.
2026-05-13 20:17:12.129 [DEBUG] [Thread-4] n.f.s.g.p.service.LoadAccountService - Background account loading started.
2026-05-13 20:17:12.129 [DEBUG] [Thread-4] n.f.s.g.p.s.impl.AccountServiceImpl - Account list load requested.
2026-05-13 20:17:12.135 [INFO] [JavaFX Application Thread] n.f.s.g.p.c.f.MainScreenController - Center view changed to center/compose-mail.fxml.
2026-05-13 20:17:12.250 [INFO] [Thread-4] n.f.s.g.p.dao.impl.AccountDaoImpl - Loaded 2 account(s) from database.
2026-05-13 20:17:12.280 [INFO] [Thread-4] n.f.s.g.p.util.AppLoaderUtil - application.properties loaded from classpath.
2026-05-13 20:17:12.282 [DEBUG] [Thread-4] n.f.s.g.p.service.LoadAccountService - Background account loading completed. accountCount=2
2026-05-13 20:17:12.388 [INFO] [JavaFX Application Thread] n.f.s.g.p.c.f.ComposeMailController - Account menu loaded successfully.
2026-05-13 20:17:12.390 [INFO] [JavaFX Application Thread] n.f.s.g.p.c.f.ComposeMailController - Default active account set to username=d***@gmail.com.
2026-05-13 20:18:50.336 [INFO] [main] n.f.soft.gr5.precisionMail.Launcher - Application bootstrap started.
2026-05-13 20:18:50.975 [INFO] [JavaFX Application Thread] n.f.soft.gr5.precisionMail.Launcher - Application started successfully.
2026-05-13 20:18:52.833 [INFO] [JavaFX Application Thread] n.f.s.g.p.c.fxml.SideBarController - Sidebar requested navigation to compose-mail view.
2026-05-13 20:18:52.833 [INFO] [JavaFX Application Thread] n.f.s.g.p.service.NavigationService - Navigation requested to center/compose-mail.fxml.
2026-05-13 20:18:53.046 [DEBUG] [Thread-4] n.f.s.g.p.service.LoadAccountService - Background account loading started.
2026-05-13 20:18:53.046 [DEBUG] [Thread-4] n.f.s.g.p.s.impl.AccountServiceImpl - Account list load requested.
2026-05-13 20:18:53.051 [INFO] [JavaFX Application Thread] n.f.s.g.p.c.f.MainScreenController - Center view changed to center/compose-mail.fxml.
2026-05-13 20:18:53.170 [INFO] [Thread-4] n.f.s.g.p.dao.impl.AccountDaoImpl - Loaded 2 account(s) from database.
2026-05-13 20:18:53.192 [INFO] [Thread-4] n.f.s.g.p.util.AppLoaderUtil - application.properties loaded from classpath.
2026-05-13 20:18:53.193 [DEBUG] [Thread-4] n.f.s.g.p.service.LoadAccountService - Background account loading completed. accountCount=2
2026-05-13 20:18:53.305 [INFO] [JavaFX Application Thread] n.f.s.g.p.c.f.ComposeMailController - Account menu loaded successfully.
2026-05-13 20:18:53.308 [INFO] [JavaFX Application Thread] n.f.s.g.p.c.f.ComposeMailController - Default active account set to username=d***@gmail.com.
2026-05-13 20:44:36.268 [INFO] [main] n.f.soft.gr5.precisionMail.Launcher - Application bootstrap started.
2026-05-13 20:44:36.872 [INFO] [JavaFX Application Thread] n.f.soft.gr5.precisionMail.Launcher - Application started successfully.
2026-05-13 20:44:38.242 [INFO] [JavaFX Application Thread] n.f.s.g.p.c.fxml.SideBarController - Sidebar requested navigation to compose-mail view.
2026-05-13 20:44:38.242 [INFO] [JavaFX Application Thread] n.f.s.g.p.service.NavigationService - Navigation requested to center/compose-mail.fxml.
2026-05-13 20:44:38.463 [DEBUG] [Thread-4] n.f.s.g.p.service.LoadAccountService - Background account loading started.
2026-05-13 20:44:38.463 [DEBUG] [Thread-4] n.f.s.g.p.s.impl.AccountServiceImpl - Account list load requested.
2026-05-13 20:44:38.468 [INFO] [JavaFX Application Thread] n.f.s.g.p.c.f.MainScreenController - Center view changed to center/compose-mail.fxml.
2026-05-13 20:44:38.592 [INFO] [Thread-4] n.f.s.g.p.dao.impl.AccountDaoImpl - Loaded 2 account(s) from database.
2026-05-13 20:44:38.613 [INFO] [Thread-4] n.f.s.g.p.util.AppLoaderUtil - application.properties loaded from classpath.
2026-05-13 20:44:38.615 [DEBUG] [Thread-4] n.f.s.g.p.service.LoadAccountService - Background account loading completed. accountCount=2
2026-05-13 20:44:38.722 [INFO] [JavaFX Application Thread] n.f.s.g.p.c.f.ComposeMailController - Account menu loaded successfully.
2026-05-13 20:44:38.723 [INFO] [JavaFX Application Thread] n.f.s.g.p.c.f.ComposeMailController - Default active account set to username=d***@gmail.com.
2026-05-13 20:46:02.467 [INFO] [main] n.f.soft.gr5.precisionMail.Launcher - Application bootstrap started.
2026-05-13 20:46:03.319 [INFO] [JavaFX Application Thread] n.f.soft.gr5.precisionMail.Launcher - Application started successfully.
2026-05-13 20:46:06.686 [INFO] [JavaFX Application Thread] n.f.s.g.p.c.fxml.SideBarController - Sidebar requested navigation to compose-mail view.
2026-05-13 20:46:06.686 [INFO] [JavaFX Application Thread] n.f.s.g.p.service.NavigationService - Navigation requested to center/compose-mail.fxml.
2026-05-13 20:46:06.911 [DEBUG] [Thread-4] n.f.s.g.p.service.LoadAccountService - Background account loading started.
2026-05-13 20:46:06.911 [DEBUG] [Thread-4] n.f.s.g.p.s.impl.AccountServiceImpl - Account list load requested.
2026-05-13 20:46:06.919 [INFO] [JavaFX Application Thread] n.f.s.g.p.c.f.MainScreenController - Center view changed to center/compose-mail.fxml.
2026-05-13 20:46:07.052 [INFO] [Thread-4] n.f.s.g.p.dao.impl.AccountDaoImpl - Loaded 2 account(s) from database.
2026-05-13 20:46:07.075 [INFO] [Thread-4] n.f.s.g.p.util.AppLoaderUtil - application.properties loaded from classpath.
2026-05-13 20:46:07.077 [DEBUG] [Thread-4] n.f.s.g.p.service.LoadAccountService - Background account loading completed. accountCount=2
2026-05-13 20:46:07.196 [INFO] [JavaFX Application Thread] n.f.s.g.p.c.f.ComposeMailController - Account menu loaded successfully.
2026-05-13 20:46:07.199 [INFO] [JavaFX Application Thread] n.f.s.g.p.c.f.ComposeMailController - Default active account set to username=d***@gmail.com.
2026-05-13 20:46:22.532 [INFO] [JavaFX Application Thread] n.f.s.g.p.s.impl.EmailServiceImpl - Email send requested. sender=d***@gmail.com, recipients=1, attachments=0.
2026-05-13 20:46:22.532 [INFO] [JavaFX Application Thread] n.f.s.g.p.c.f.ComposeMailController - Email handoff to async sender completed. sender=d***@gmail.com, recipients=1, attachments=0.
2026-05-13 20:46:22.533 [DEBUG] [email-send-worker] n.f.s.g.precisionMail.util.EmailUtil - Creating SMTP session for sender=d***@gmail.com.
2026-05-13 20:46:22.534 [INFO] [JavaFX Application Thread] n.f.s.g.precisionMail.util.AlertUtil - Showing info alert. title=Processing, message=Email send request was submitted to the background worker.
2026-05-13 20:46:36.469 [DEBUG] [email-send-worker] n.f.s.g.precisionMail.util.EmailUtil - SMTP transport completed successfully for sender=d***@gmail.com.
2026-05-13 20:46:36.534 [INFO] [email-send-worker] n.f.s.g.p.dao.impl.EmailDaoImpl - Email history saved to emails.json. Current total records=9.
2026-05-13 20:46:36.534 [INFO] [email-send-worker] n.f.s.g.p.s.impl.EmailServiceImpl - Email sent successfully. sender=d***@gmail.com, recipients=1, attachments=0.
2026-05-13 21:22:56.635 [INFO] [main] n.f.soft.gr5.precisionMail.Launcher - Application bootstrap started.
2026-05-13 21:22:57.347 [INFO] [JavaFX Application Thread] n.f.soft.gr5.precisionMail.Launcher - Application started successfully.
2026-05-13 21:22:58.815 [INFO] [JavaFX Application Thread] n.f.s.g.p.c.fxml.SideBarController - Sidebar requested navigation to compose-mail view.
2026-05-13 21:22:58.815 [INFO] [JavaFX Application Thread] n.f.s.g.p.service.NavigationService - Navigation requested to center/compose-mail.fxml.
2026-05-13 21:22:59.020 [DEBUG] [Thread-4] n.f.s.g.p.service.LoadAccountService - Background account loading started.
2026-05-13 21:22:59.020 [DEBUG] [Thread-4] n.f.s.g.p.s.impl.AccountServiceImpl - Account list load requested.
2026-05-13 21:22:59.026 [INFO] [JavaFX Application Thread] n.f.s.g.p.c.f.MainScreenController - Center view changed to center/compose-mail.fxml.
2026-05-13 21:22:59.142 [INFO] [Thread-4] n.f.s.g.p.dao.impl.AccountDaoImpl - Loaded 2 account(s) from database.
2026-05-13 21:22:59.160 [INFO] [Thread-4] n.f.s.g.p.util.AppLoaderUtil - application.properties loaded from classpath.
2026-05-13 21:22:59.163 [DEBUG] [Thread-4] n.f.s.g.p.service.LoadAccountService - Background account loading completed. accountCount=2
2026-05-13 21:22:59.266 [INFO] [JavaFX Application Thread] n.f.s.g.p.c.f.ComposeMailController - Account menu loaded successfully.
2026-05-13 21:22:59.268 [INFO] [JavaFX Application Thread] n.f.s.g.p.c.f.ComposeMailController - Default active account set to username=d***@gmail.com.
2026-05-13 21:23:27.406 [DEBUG] [JavaFX Application Thread] n.f.s.g.p.c.f.ComposeMailController - Recipient import cancelled by user.
2026-05-13 22:34:35.156 [INFO] [main] n.f.soft.gr5.precisionMail.Launcher - Application bootstrap started.
2026-05-13 22:34:35.704 [INFO] [JavaFX Application Thread] n.f.soft.gr5.precisionMail.Launcher - Application started successfully.
2026-05-13 22:35:16.934 [INFO] [JavaFX Application Thread] n.f.s.g.p.c.fxml.SideBarController - Sidebar requested navigation to compose-mail view.
2026-05-13 22:35:16.934 [INFO] [JavaFX Application Thread] n.f.s.g.p.service.NavigationService - Navigation requested to center/compose-mail.fxml.
2026-05-13 22:35:17.145 [DEBUG] [Thread-4] n.f.s.g.p.service.LoadAccountService - Background account loading started.
2026-05-13 22:35:17.145 [DEBUG] [Thread-4] n.f.s.g.p.s.impl.AccountServiceImpl - Account list load requested.
2026-05-13 22:35:17.151 [INFO] [JavaFX Application Thread] n.f.s.g.p.c.f.MainScreenController - Center view changed to center/compose-mail.fxml.
2026-05-13 22:35:17.267 [INFO] [Thread-4] n.f.s.g.p.dao.impl.AccountDaoImpl - Loaded 2 account(s) from database.
2026-05-13 22:35:17.287 [INFO] [Thread-4] n.f.s.g.p.util.AppLoaderUtil - application.properties loaded from classpath.
2026-05-13 22:35:17.289 [DEBUG] [Thread-4] n.f.s.g.p.service.LoadAccountService - Background account loading completed. accountCount=2
2026-05-13 22:35:17.381 [INFO] [JavaFX Application Thread] n.f.s.g.p.c.f.ComposeMailController - Account menu loaded successfully.
2026-05-13 22:35:17.383 [INFO] [JavaFX Application Thread] n.f.s.g.p.c.f.ComposeMailController - Default active account set to username=d***@gmail.com.
